// Vitest Snapshot v1, https://vitest.dev/guide/snapshot.html

exports[`Claude pipeline parity > normalizes 01-simple-prompt-response.jsonl identically to the recorded baseline 1`] = `
{
  "endTime": "<RUNTIME_NOW>",
  "errorCount": 0,
  "filesRead": 0,
  "filesWritten": 0,
  "findings": [],
  "model": "claude-sonnet-4-6",
  "project": "fixture-project",
  "sessionId": "01-simple-prompt-response",
  "startTime": "2026-03-29T22:00:54.385Z",
  "stepCount": 1,
  "stepTypes": [
    "text",
  ],
  "toolSequence": [],
  "toolsUsed": {},
  "totalCost": 0.0303396,
  "usage": undefined,
}
`;

exports[`Claude pipeline parity > normalizes 02-bash-success.jsonl identically to the recorded baseline 1`] = `
{
  "endTime": "<RUNTIME_NOW>",
  "errorCount": 0,
  "filesRead": 0,
  "filesWritten": 0,
  "findings": [],
  "model": "claude-sonnet-4-6",
  "project": "fixture-project",
  "sessionId": "02-bash-success",
  "startTime": "2026-03-18T21:39:21.469Z",
  "stepCount": 2,
  "stepTypes": [
    "tool_call",
    "text",
  ],
  "toolSequence": [
    "Bash",
  ],
  "toolsUsed": {
    "Bash": 1,
  },
  "totalCost": 0.03603555,
  "usage": undefined,
}
`;

exports[`Claude pipeline parity > normalizes 03-bash-failure.jsonl identically to the recorded baseline 1`] = `
{
  "endTime": "<RUNTIME_NOW>",
  "errorCount": 0,
  "filesRead": 0,
  "filesWritten": 0,
  "findings": [
    {
      "severity": "warning",
      "title": "Failed Tool Calls",
      "type": undefined,
    },
  ],
  "model": "claude-sonnet-4-6",
  "project": "fixture-project",
  "sessionId": "03-bash-failure",
  "startTime": "2026-04-01T02:42:38.634Z",
  "stepCount": 10,
  "stepTypes": [
    "tool_call",
    "tool_call",
    "tool_call",
    "tool_call",
    "tool_call",
    "tool_call",
    "tool_call",
    "tool_call",
    "text",
    "tool_call",
  ],
  "toolSequence": [
    "Bash",
    "Bash",
    "Grep",
    "Bash",
    "ToolSearch",
    "mcp__codex-bridge__consult_codex",
    "mcp__codex-bridge__consult_codex",
    "mcp__codex-bridge__consult_codex",
    "Agent",
  ],
  "toolsUsed": {
    "Agent": 1,
    "Bash": 3,
    "Grep": 1,
    "ToolSearch": 1,
    "mcp__codex-bridge__consult_codex": 3,
  },
  "totalCost": 0.17288189999999998,
  "usage": undefined,
}
`;

exports[`Claude pipeline parity > normalizes 04-read-write-edit.jsonl identically to the recorded baseline 1`] = `
{
  "endTime": "<RUNTIME_NOW>",
  "errorCount": 0,
  "filesRead": 1,
  "filesWritten": 0,
  "findings": [
    {
      "severity": "warning",
      "title": "Duplicate File Reads",
      "type": undefined,
    },
    {
      "severity": "info",
      "title": "Potentially Unused Reads",
      "type": undefined,
    },
    {
      "severity": "warning",
      "title": "Failed Tool Calls",
      "type": undefined,
    },
  ],
  "model": "claude-sonnet-4-6",
  "project": "fixture-project",
  "sessionId": "04-read-write-edit",
  "startTime": "2026-04-09T01:53:52.308Z",
  "stepCount": 7,
  "stepTypes": [
    "tool_call",
    "text",
    "text",
    "tool_call",
    "tool_call",
    "tool_call",
    "tool_call",
  ],
  "toolSequence": [
    "Bash",
    "Skill",
    "Agent",
    "Read",
    "Read",
  ],
  "toolsUsed": {
    "Agent": 1,
    "Bash": 1,
    "Read": 2,
    "Skill": 1,
  },
  "totalCost": 0.24036689999999997,
  "usage": undefined,
}
`;

exports[`Claude pipeline parity > normalizes 05-multi-tool.jsonl identically to the recorded baseline 1`] = `
{
  "endTime": "<RUNTIME_NOW>",
  "errorCount": 0,
  "filesRead": 0,
  "filesWritten": 0,
  "findings": [
    {
      "severity": "error",
      "title": "Retry Loop Detected",
      "type": undefined,
    },
    {
      "severity": "warning",
      "title": "Failed Tool Calls",
      "type": undefined,
    },
    {
      "severity": "info",
      "title": "Context Compaction at Step 3",
      "type": undefined,
    },
  ],
  "model": "claude-sonnet-4-6",
  "project": "fixture-project",
  "sessionId": "05-multi-tool",
  "startTime": "2026-05-21T04:23:39.795Z",
  "stepCount": 20,
  "stepTypes": [
    "text",
    "tool_call",
    "tool_call",
    "text",
    "tool_call",
    "text",
    "tool_call",
    "tool_call",
    "tool_call",
    "tool_call",
    "tool_call",
    "tool_call",
    "tool_call",
    "tool_call",
    "tool_call",
    "text",
    "tool_call",
    "text",
    "text",
    "tool_call",
  ],
  "toolSequence": [
    "Bash",
    "ToolSearch",
    "mcp__context7__resolve-library-id",
    "ToolSearch",
    "mcp__plugin_context-mode_context-mode__ctx_fetch_and_index",
    "ToolSearch",
    "mcp__plugin_context-mode_context-mode__ctx_search",
    "mcp__plugin_context-mode_context-mode__ctx_fetch_and_index",
    "mcp__plugin_context-mode_context-mode__ctx_fetch_and_index",
    "mcp__plugin_context-mode_context-mode__ctx_fetch_and_index",
    "mcp__plugin_context-mode_context-mode__ctx_fetch_and_index",
    "mcp__plugin_context-mode_context-mode__ctx_search",
    "AskUserQuestion",
    "ToolSearch",
  ],
  "toolsUsed": {
    "AskUserQuestion": 1,
    "Bash": 1,
    "ToolSearch": 4,
    "mcp__context7__resolve-library-id": 1,
    "mcp__plugin_context-mode_context-mode__ctx_fetch_and_index": 5,
    "mcp__plugin_context-mode_context-mode__ctx_search": 2,
  },
  "totalCost": 0.8502122999999999,
  "usage": undefined,
}
`;

exports[`Claude pipeline parity > normalizes 06-subagent/session.jsonl identically to the recorded baseline 1`] = `
{
  "endTime": "<RUNTIME_NOW>",
  "errorCount": 0,
  "filesRead": 1,
  "filesWritten": 0,
  "findings": [
    {
      "severity": "info",
      "title": "Potentially Unused Reads",
      "type": undefined,
    },
    {
      "severity": "warning",
      "title": "Failed Tool Calls",
      "type": undefined,
    },
  ],
  "model": "claude-sonnet-4-6",
  "project": "fixture-project",
  "sessionId": "06-subagent/session",
  "startTime": "2026-03-04T11:51:50.201Z",
  "stepCount": 22,
  "stepTypes": [
    "thinking",
    "text",
    "tool_call",
    "tool_call",
    "tool_call",
    "tool_call",
    "tool_call",
    "tool_call",
    "text",
    "tool_call",
    "text",
    "tool_call",
    "tool_call",
    "thinking",
    "tool_call",
    "tool_call",
    "tool_call",
    "tool_call",
    "thinking",
    "text",
    "tool_call",
    "tool_call",
  ],
  "toolSequence": [
    "Read",
    "Glob",
    "Bash",
    "Bash",
    "Bash",
    "Bash",
    "Bash",
    "ToolSearch",
    "ToolSearch",
    "mcp__memory-keeper__context_set_project_dir",
    "mcp__mcp-project-context__list_projects",
    "mcp__mcp-project-context__get_project_context",
    "mcp__memory-keeper__context_session_start",
    "Bash",
    "Bash",
  ],
  "toolsUsed": {
    "Bash": 7,
    "Glob": 1,
    "Read": 1,
    "ToolSearch": 2,
    "mcp__mcp-project-context__get_project_context": 1,
    "mcp__mcp-project-context__list_projects": 1,
    "mcp__memory-keeper__context_session_start": 1,
    "mcp__memory-keeper__context_set_project_dir": 1,
  },
  "totalCost": 0.25327515,
  "usage": undefined,
}
`;

exports[`Claude pipeline parity > normalizes 07-retry-loop.jsonl identically to the recorded baseline 1`] = `
{
  "endTime": "<RUNTIME_NOW>",
  "errorCount": 0,
  "filesRead": 2,
  "filesWritten": 1,
  "findings": [
    {
      "severity": "warning",
      "title": "Failed Tool Calls",
      "type": undefined,
    },
  ],
  "model": "claude-sonnet-4-6",
  "project": "fixture-project",
  "sessionId": "07-retry-loop",
  "startTime": "2026-03-28T23:13:40.420Z",
  "stepCount": 14,
  "stepTypes": [
    "tool_call",
    "tool_call",
    "text",
    "tool_call",
    "tool_call",
    "text",
    "tool_call",
    "tool_call",
    "text",
    "tool_call",
    "tool_call",
    "text",
    "tool_call",
    "text",
  ],
  "toolSequence": [
    "Agent",
    "Agent",
    "Read",
    "Read",
    "Bash",
    "Bash",
    "Bash",
    "Bash",
    "Write",
  ],
  "toolsUsed": {
    "Agent": 2,
    "Bash": 4,
    "Read": 2,
    "Write": 1,
  },
  "totalCost": 0.95934255,
  "usage": undefined,
}
`;

exports[`Claude pipeline parity > normalizes 08-token-cost.jsonl identically to the recorded baseline 1`] = `
{
  "endTime": "<RUNTIME_NOW>",
  "errorCount": 0,
  "filesRead": 0,
  "filesWritten": 0,
  "findings": [
    {
      "severity": "warning",
      "title": "Failed Tool Calls",
      "type": undefined,
    },
  ],
  "model": "claude-sonnet-4-6",
  "project": "fixture-project",
  "sessionId": "08-token-cost",
  "startTime": "2026-03-29T11:26:56.227Z",
  "stepCount": 4,
  "stepTypes": [
    "thinking",
    "tool_call",
    "tool_call",
    "text",
  ],
  "toolSequence": [
    "Glob",
    "Grep",
  ],
  "toolsUsed": {
    "Glob": 1,
    "Grep": 1,
  },
  "totalCost": 0.04546425,
  "usage": undefined,
}
`;

exports[`Claude pipeline parity > normalizes 09-compaction.jsonl identically to the recorded baseline 1`] = `
{
  "endTime": "<RUNTIME_NOW>",
  "errorCount": 0,
  "filesRead": 3,
  "filesWritten": 2,
  "findings": [
    {
      "severity": "warning",
      "title": "Duplicate File Reads",
      "type": undefined,
    },
    {
      "severity": "info",
      "title": "Potentially Unused Reads",
      "type": undefined,
    },
    {
      "severity": "error",
      "title": "Retry Loop Detected",
      "type": undefined,
    },
    {
      "severity": "warning",
      "title": "Failed Tool Calls",
      "type": undefined,
    },
  ],
  "model": "claude-sonnet-4-6",
  "project": "fixture-project",
  "sessionId": "09-compaction",
  "startTime": "2026-03-04T11:51:50.201Z",
  "stepCount": 179,
  "stepTypes": [
    "thinking",
    "text",
    "tool_call",
    "tool_call",
    "tool_call",
    "tool_call",
    "tool_call",
    "tool_call",
    "text",
    "tool_call",
    "text",
    "tool_call",
    "tool_call",
    "thinking",
    "tool_call",
    "tool_call",
    "tool_call",
    "tool_call",
    "thinking",
    "text",
    "tool_call",
    "tool_call",
    "thinking",
    "text",
    "tool_call",
    "text",
    "tool_call",
    "thinking",
    "text",
    "thinking",
    "tool_call",
    "tool_call",
    "thinking",
    "tool_call",
    "thinking",
    "tool_call",
    "tool_call",
    "tool_call",
    "tool_call",
    "thinking",
    "text",
    "tool_call",
    "thinking",
    "text",
    "tool_call",
    "text",
    "tool_call",
    "text",
    "tool_call",
    "text",
    "tool_call",
    "thinking",
    "text",
    "tool_call",
    "text",
    "thinking",
    "text",
    "tool_call",
    "tool_call",
    "tool_call",
    "tool_call",
    "tool_call",
    "tool_call",
    "thinking",
    "text",
    "tool_call",
    "thinking",
    "tool_call",
    "text",
    "tool_call",
    "tool_call",
    "text",
    "tool_call",
    "tool_call",
    "text",
    "thinking",
    "text",
    "tool_call",
    "thinking",
    "text",
    "tool_call",
    "thinking",
    "text",
    "tool_call",
    "text",
    "tool_call",
    "text",
    "tool_call",
    "tool_call",
    "tool_call",
    "tool_call",
    "text",
    "thinking",
    "text",
    "tool_call",
    "thinking",
    "text",
    "tool_call",
    "tool_call",
    "tool_call",
    "tool_call",
    "thinking",
    "tool_call",
    "thinking",
    "tool_call",
    "text",
    "tool_call",
    "thinking",
    "text",
    "tool_call",
    "text",
    "tool_call",
    "tool_call",
    "tool_call",
    "tool_call",
    "text",
    "thinking",
    "tool_call",
    "tool_call",
    "tool_call",
    "tool_call",
    "tool_call",
    "tool_call",
    "tool_call",
    "thinking",
    "text",
    "tool_call",
    "tool_call",
    "thinking",
    "text",
    "thinking",
    "tool_call",
    "tool_call",
    "tool_call",
    "tool_call",
    "thinking",
    "text",
    "tool_call",
    "tool_call",
    "thinking",
    "text",
    "tool_call",
    "tool_call",
    "thinking",
    "text",
    "tool_call",
    "tool_call",
    "tool_call",
    "tool_call",
    "text",
    "tool_call",
    "tool_call",
    "thinking",
    "text",
    "tool_call",
    "thinking",
    "text",
    "tool_call",
    "tool_call",
    "tool_call",
    "thinking",
    "text",
    "tool_call",
    "tool_call",
    "tool_call",
    "tool_call",
    "text",
    "tool_call",
    "thinking",
    "text",
    "tool_call",
    "thinking",
    "text",
    "tool_call",
    "tool_call",
    "thinking",
    "tool_call",
    "tool_call",
    "tool_call",
  ],
  "toolSequence": [
    "Read",
    "Glob",
    "Bash",
    "Bash",
    "Bash",
    "Bash",
    "Bash",
    "ToolSearch",
    "ToolSearch",
    "mcp__memory-keeper__context_set_project_dir",
    "mcp__mcp-project-context__list_projects",
    "mcp__mcp-project-context__get_project_context",
    "mcp__memory-keeper__context_session_start",
    "Bash",
    "Bash",
    "Write",
    "mcp__memory-keeper__context_set_project_dir",
    "Bash",
    "Bash",
    "Bash",
    "ToolSearch",
    "ToolSearch",
    "ToolSearch",
    "ToolSearch",
    "Read",
    "Bash",
    "mcp__my-github-mcp__repo_bootstrap_and_publish",
    "mcp__my-github-mcp__git_submodule_add",
    "mcp__my-github-mcp__git_commit_all",
    "mcp__my-github-mcp__git_push",
    "ToolSearch",
    "mcp__memory-keeper__context_search",
    "mcp__excel-mcp-server__excel_describe_sheets",
    "mcp__memory-keeper__context_search",
    "ToolSearch",
    "mcp__excel-mcp-server__excel_read_sheet",
    "ToolSearch",
    "mcp__excel-mcp-server__excel_write_to_sheet",
    "mcp__my-github-mcp__git_commit_all",
    "mcp__my-github-mcp__git_push",
    "mcp__my-github-mcp__git_commit_all",
    "mcp__my-github-mcp__git_push",
    "mcp__excel-mcp-server__excel_read_sheet",
    "ToolSearch",
    "mcp__excel-mcp-server__excel_write_to_sheet",
    "mcp__excel-mcp-server__excel_format_range",
    "mcp__my-github-mcp__git_commit_all",
    "mcp__my-github-mcp__git_push",
    "mcp__my-github-mcp__git_commit_all",
    "mcp__my-github-mcp__git_push",
    "mcp__excel-mcp-server__excel_read_sheet",
    "Bash",
    "Bash",
    "Bash",
    "Bash",
    "Bash",
    "Edit",
    "Bash",
    "Bash",
    "mcp__my-github-mcp__git_commit_all",
    "mcp__my-github-mcp__git_push",
    "mcp__my-github-mcp__git_commit_all",
    "mcp__my-github-mcp__git_push",
    "mcp__mcp-project-context__get_project_context",
    "mcp__memory-keeper__context_search",
    "mcp__memory-keeper__context_search",
    "mcp__memory-keeper__context_search",
    "mcp__memory-keeper__context_status",
    "mcp__memory-keeper__context_search",
    "mcp__mcp-project-context__get_project_context",
    "Bash",
    "Bash",
    "ToolSearch",
    "Bash",
    "mcp__mcp-project-context__get_project_context",
    "Bash",
    "Bash",
    "Bash",
    "mcp__mcp-project-context__update_task",
    "Bash",
    "mcp__memory-keeper__context_save",
    "mcp__mcp-project-context__record_decision",
    "mcp__mcp-project-context__record_decision",
    "Edit",
    "mcp__mcp-project-context__get_project_context",
    "Bash",
    "Bash",
    "Read",
    "Read",
    "Read",
    "Edit",
    "Edit",
    "Edit",
    "Edit",
    "Bash",
    "Bash",
    "Edit",
    "Edit",
    "Bash",
    "Bash",
    "Bash",
  ],
  "toolsUsed": {
    "Bash": 32,
    "Edit": 8,
    "Glob": 1,
    "Read": 5,
    "ToolSearch": 11,
    "Write": 1,
    "mcp__excel-mcp-server__excel_describe_sheets": 1,
    "mcp__excel-mcp-server__excel_format_range": 1,
    "mcp__excel-mcp-server__excel_read_sheet": 3,
    "mcp__excel-mcp-server__excel_write_to_sheet": 2,
    "mcp__mcp-project-context__get_project_context": 5,
    "mcp__mcp-project-context__list_projects": 1,
    "mcp__mcp-project-context__record_decision": 2,
    "mcp__mcp-project-context__update_task": 1,
    "mcp__memory-keeper__context_save": 1,
    "mcp__memory-keeper__context_search": 6,
    "mcp__memory-keeper__context_session_start": 1,
    "mcp__memory-keeper__context_set_project_dir": 2,
    "mcp__memory-keeper__context_status": 1,
    "mcp__my-github-mcp__git_commit_all": 7,
    "mcp__my-github-mcp__git_push": 7,
    "mcp__my-github-mcp__git_submodule_add": 1,
    "mcp__my-github-mcp__repo_bootstrap_and_publish": 1,
  },
  "totalCost": 6.010810050000004,
  "usage": undefined,
}
`;

exports[`Claude pipeline parity > normalizes 10-malformed-line.jsonl identically to the recorded baseline 1`] = `
{
  "endTime": "<RUNTIME_NOW>",
  "errorCount": 0,
  "filesRead": 0,
  "filesWritten": 0,
  "findings": [],
  "model": "claude-sonnet-4-5-20250929",
  "project": "fixture-project",
  "sessionId": "10-malformed-line",
  "startTime": "2026-09-01T00:00:00.000Z",
  "stepCount": 1,
  "stepTypes": [
    "text",
  ],
  "toolSequence": [],
  "toolsUsed": {},
  "totalCost": 0.00007500000000000001,
  "usage": undefined,
}
`;

exports[`Claude pipeline parity > normalizes 11-truncated-final-line.jsonl identically to the recorded baseline 1`] = `
{
  "endTime": "<RUNTIME_NOW>",
  "errorCount": 0,
  "filesRead": 0,
  "filesWritten": 0,
  "findings": [],
  "model": "",
  "project": "fixture-project",
  "sessionId": "11-truncated-final-line",
  "startTime": "2026-09-01T00:00:00.000Z",
  "stepCount": 0,
  "stepTypes": [],
  "toolSequence": [],
  "toolsUsed": {},
  "totalCost": 0,
  "usage": undefined,
}
`;

exports[`Claude pipeline parity > normalizes 12-large-tool-output.jsonl identically to the recorded baseline 1`] = `
{
  "endTime": "<RUNTIME_NOW>",
  "errorCount": 0,
  "filesRead": 0,
  "filesWritten": 0,
  "findings": [],
  "model": "",
  "project": "fixture-project",
  "sessionId": "12-large-tool-output",
  "startTime": "2026-04-23T10:46:40.771Z",
  "stepCount": 0,
  "stepTypes": [],
  "toolSequence": [],
  "toolsUsed": {},
  "totalCost": 0,
  "usage": undefined,
}
`;

exports[`Claude pipeline parity > normalizes 13-unicode-path-or-content.jsonl identically to the recorded baseline 1`] = `
{
  "endTime": "<RUNTIME_NOW>",
  "errorCount": 0,
  "filesRead": 1,
  "filesWritten": 0,
  "findings": [],
  "model": "claude-sonnet-4-6",
  "project": "fixture-project",
  "sessionId": "13-unicode-path-or-content",
  "startTime": "2026-03-18T21:25:26.473Z",
  "stepCount": 10,
  "stepTypes": [
    "text",
    "thinking",
    "text",
    "tool_call",
    "thinking",
    "text",
    "tool_call",
    "thinking",
    "text",
    "tool_call",
  ],
  "toolSequence": [
    "Read",
    "mcp__plugin_context-mode_context-mode__execute_file",
    "mcp__plugin_context-mode_context-mode__execute",
  ],
  "toolsUsed": {
    "Read": 1,
    "mcp__plugin_context-mode_context-mode__execute": 1,
    "mcp__plugin_context-mode_context-mode__execute_file": 1,
  },
  "totalCost": 0.1298748,
  "usage": undefined,
}
`;

exports[`Claude pipeline parity > normalizes 14-symlinked-workspace.jsonl identically to the recorded baseline 1`] = `
{
  "endTime": "<RUNTIME_NOW>",
  "errorCount": 0,
  "filesRead": 0,
  "filesWritten": 0,
  "findings": [],
  "model": "claude-sonnet-4-5-20250929",
  "project": "fixture-project",
  "sessionId": "14-symlinked-workspace",
  "startTime": "2026-09-01T00:00:00.000Z",
  "stepCount": 1,
  "stepTypes": [
    "text",
  ],
  "toolSequence": [],
  "toolsUsed": {},
  "totalCost": 0.00007500000000000001,
  "usage": undefined,
}
`;

exports[`Claude pipeline parity > normalizes 15-cancelled-interrupted.jsonl identically to the recorded baseline 1`] = `
{
  "endTime": "<RUNTIME_NOW>",
  "errorCount": 0,
  "filesRead": 0,
  "filesWritten": 0,
  "findings": [
    {
      "severity": "warning",
      "title": "Failed Tool Calls",
      "type": undefined,
    },
  ],
  "model": "claude-sonnet-4-6",
  "project": "fixture-project",
  "sessionId": "15-cancelled-interrupted",
  "startTime": "2026-04-01T02:42:38.634Z",
  "stepCount": 10,
  "stepTypes": [
    "tool_call",
    "tool_call",
    "tool_call",
    "tool_call",
    "tool_call",
    "tool_call",
    "tool_call",
    "tool_call",
    "text",
    "tool_call",
  ],
  "toolSequence": [
    "Bash",
    "Bash",
    "Grep",
    "Bash",
    "ToolSearch",
    "mcp__codex-bridge__consult_codex",
    "mcp__codex-bridge__consult_codex",
    "mcp__codex-bridge__consult_codex",
    "Agent",
  ],
  "toolsUsed": {
    "Agent": 1,
    "Bash": 3,
    "Grep": 1,
    "ToolSearch": 1,
    "mcp__codex-bridge__consult_codex": 3,
  },
  "totalCost": 0.17288189999999998,
  "usage": undefined,
}
`;
